Unable to find image 'ghcr.io/super-linter/super-linter:slim-latest' locally
slim-latest: Pulling from super-linter/super-linter
b284fb5df1b9: Pulling fs layer
a7410c33a5b8: Pulling fs layer
e6f31ffc071e: Pulling fs layer
8fc59fe2c6c9: Pulling fs layer
c74e2545a14c: Pulling fs layer
0b693c5ccb26: Pulling fs layer
bc7d208ac026: Pulling fs layer
902224ed8523: Pulling fs layer
b2b29173d283: Pulling fs layer
ca6054cfbab0: Pulling fs layer
4202339506e4: Pulling fs layer
8383bb83c60a: Pulling fs layer
cea84834a246: Pulling fs layer
44d9d036c800: Pulling fs layer
91e3de1ddd08: Pulling fs layer
e0632bdbdcfc: Pulling fs layer
7849e195346e: Pulling fs layer
5abe77644725: Pulling fs layer
e382411ab296: Pulling fs layer
8135dc2a5801: Pulling fs layer
7c67ecd3a6f3: Pulling fs layer
4f62ccf54aa8: Pulling fs layer
36e154269fa8: Pulling fs layer
1083781491b0: Pulling fs layer
010e615457f7: Pulling fs layer
a9816c3dbf75: Pulling fs layer
731ff170649b: Pulling fs layer
670f11aa5260: Pulling fs layer
3951f86af3dd: Pulling fs layer
6423218b35e2: Pulling fs layer
dc140ca2b74a: Pulling fs layer
79def87f409f: Pulling fs layer
fd40ee4e0cd7: Pulling fs layer
3aad0a1797b4: Pulling fs layer
cece31f1f395: Pulling fs layer
bf1c2cf6298b: Pulling fs layer
cd49a9b4a4ef: Pulling fs layer
2f420b0f33f4: Pulling fs layer
e711992f0f6a: Pulling fs layer
92481bac2319: Pulling fs layer
460f7ac74b94: Pulling fs layer
c943cda342e4: Pulling fs layer
c802b7db06f7: Pulling fs layer
d7f7de8ed2d0: Pulling fs layer
2fbb5a0dbc64: Pulling fs layer
a7f0be2bb409: Pulling fs layer
b1c13f377276: Pulling fs layer
ad9992de6351: Pulling fs layer
e32ccdb04513: Pulling fs layer
2dee56e17c63: Pulling fs layer
4bc0c93ba7ee: Pulling fs layer
a4de45562e3f: Pulling fs layer
c589770d39b7: Pulling fs layer
e922a46d3441: Pulling fs layer
c50222c89489: Pulling fs layer
d653ca7c9f98: Pulling fs layer
554ec145fd7b: Pulling fs layer
54c45a305703: Pulling fs layer
4a4a54faec06: Pulling fs layer
d759db094843: Pulling fs layer
8249d1bc5945: Pulling fs layer
ae9920299970: Pulling fs layer
efe384aef8e5: Pulling fs layer
c36b6306f6e2: Pulling fs layer
43b31e8eb40d: Pulling fs layer
8cb2b5a9c80f: Pulling fs layer
3a810fceccc0: Pulling fs layer
4f4fb700ef54: Pulling fs layer
bbe8d311cb80: Pulling fs layer
0224c34e4007: Pulling fs layer
f5e37fcfe804: Pulling fs layer
162de0722241: Pulling fs layer
4f4fb700ef54: Pulling fs layer
cec3cf8bad9b: Pulling fs layer
620caef9fb14: Pulling fs layer
0f5607dc6bf0: Pulling fs layer
06d279d2a500: Pulling fs layer
ad9992de6351: Download complete
ae9920299970: Download complete
4f4fb700ef54: Download complete
a4de45562e3f: Download complete
6423218b35e2: Download complete
c36b6306f6e2: Download complete
8249d1bc5945: Download complete
e922a46d3441: Download complete
efe384aef8e5: Download complete
620caef9fb14: Download complete
91e3de1ddd08: Download complete
8cb2b5a9c80f: Download complete
0b693c5ccb26: Download complete
e32ccdb04513: Download complete
010e615457f7: Download complete
b2b29173d283: Download complete
cece31f1f395: Download complete
162de0722241: Download complete
cea84834a246: Download complete
0224c34e4007: Download complete
c5841aff2a44: Download complete
b1c13f377276: Download complete
a9816c3dbf75: Download complete
b284fb5df1b9: Download complete
902224ed8523: Download complete
36e154269fa8: Download complete
8383bb83c60a: Download complete
5abe77644725: Download complete
c74e2545a14c: Download complete
3951f86af3dd: Download complete
8fc59fe2c6c9: Download complete
8135dc2a5801: Download complete
a7f0be2bb409: Download complete
731ff170649b: Download complete
06d279d2a500: Download complete
c50222c89489: Download complete
d7f7de8ed2d0: Download complete
0f5607dc6bf0: Download complete
44d9d036c800: Download complete
460f7ac74b94: Download complete
dc140ca2b74a: Download complete
d653ca7c9f98: Download complete
a7410c33a5b8: Download complete
e6f31ffc071e: Download complete
cd49a9b4a4ef: Download complete
2fbb5a0dbc64: Download complete
cec3cf8bad9b: Download complete
4f62ccf54aa8: Download complete
e6f31ffc071e: Pull complete
2f420b0f33f4: Download complete
e711992f0f6a: Download complete
c74e2545a14c: Pull complete
79def87f409f: Download complete
c589770d39b7: Download complete
d759db094843: Download complete
3aad0a1797b4: Download complete
2dee56e17c63: Download complete
4202339506e4: Download complete
4bc0c93ba7ee: Download complete
554ec145fd7b: Download complete
e382411ab296: Download complete
bc7d208ac026: Download complete
bf1c2cf6298b: Download complete
fd40ee4e0cd7: Download complete
7849e195346e: Download complete
3a810fceccc0: Download complete
bbe8d311cb80: Download complete
c802b7db06f7: Download complete
7c67ecd3a6f3: Download complete
f5e37fcfe804: Download complete
43b31e8eb40d: Download complete
e0632bdbdcfc: Download complete
b284fb5df1b9: Pull complete
bc7d208ac026: Pull complete
902224ed8523: Pull complete
92481bac2319: Download complete
1083781491b0: Download complete
54c45a305703: Download complete
670f11aa5260: Download complete
ca6054cfbab0: Download complete
4a4a54faec06: Download complete
c943cda342e4: Download complete
ca6054cfbab0: Pull complete
b2b29173d283: Pull complete
b2b29173d283: Pull complete
a7410c33a5b8: Pull complete
docker: failed to extract layer (application/vnd.oci.image.layer.v1.tar+gzip sha256:0b693c5ccb26f438052619026119c64bd212108d7b60a3048d74b65f34f1415f) to overlayfs as "extract-378227998-vYpI sha256:c093b770d68535b6a3118c1617313778cfa64f9da4e67241f83c562d8c5220b8": failed to convert whiteout file ".wh.install-glibc.sh": operation not permitted

Run 'docker run --help' for more information
